// Jest Snapshot v1, https://goo.gl/fbAQLP

exports[`renders MainContanier 1`] = `<DrawerContainer />`;
