// Jest Snapshot v1, https://goo.gl/fbAQLP

exports[`renders Menu 1`] = `<SimpleMenu />`;
