// Jest Snapshot v1, https://goo.gl/fbAQLP

exports[`renders header 1`] = `
<div>
  <header
    style="color: rgb(127, 24, 127);"
  >
    <img
      alt="Wayfair - Partner Home"
      src="logo.svg"
      style="height: 28px; pointer-events: none; margin: 15px 20px 10px;"
    />
    <button
      aria-controls="simple-menu"
      aria-haspopup="true"
      class="MuiButtonBase-root MuiButton-root MuiButton-text"
      data-testid="account-menu-button"
      style="position: absolute; top: 14px; right: 0px; color: rgb(127, 24, 127);"
      tabindex="0"
      type="button"
    >
      <span
        class="MuiButton-label"
      >
        <span
          class="material-icons md-24"
        >
          account_circle
        </span>
      </span>
      <span
        class="MuiTouchRipple-root"
      />
    </button>
  </header>
</div>
`;
